2026-05-22 16:15:34,550 INFO o.a.j.u.JMeterUtils: Setting Locale to en_EN
2026-05-22 16:15:34,587 INFO o.a.j.JMeter: Loading user properties from: C:\Users\LENOVO\Downloads\apache-jmeter-5.6.3\apache-jmeter-5.6.3\bin\user.properties
2026-05-22 16:15:34,591 INFO o.a.j.JMeter: Loading system properties from: C:\Users\LENOVO\Downloads\apache-jmeter-5.6.3\apache-jmeter-5.6.3\bin\system.properties
2026-05-22 16:15:34,591 INFO o.a.j.JMeter: Setting JMeter property: PROTOCOL=http
2026-05-22 16:15:34,592 INFO o.a.j.JMeter: Setting JMeter property: HOST=localhost
2026-05-22 16:15:34,592 INFO o.a.j.JMeter: Setting JMeter property: PORT=8002
2026-05-22 16:15:34,592 INFO o.a.j.JMeter: Setting JMeter property: THREADS=10
2026-05-22 16:15:34,592 INFO o.a.j.JMeter: Setting JMeter property: DURATION=180
2026-05-22 16:15:34,592 INFO o.a.j.JMeter: Setting JMeter property: THINK_TIME_MS=100
2026-05-22 16:15:34,610 INFO o.a.j.JMeter: Copyright (c) 1998-2024 The Apache Software Foundation
2026-05-22 16:15:34,610 INFO o.a.j.JMeter: Version 5.6.3
2026-05-22 16:15:34,610 INFO o.a.j.JMeter: java.version=21.0.10
2026-05-22 16:15:34,610 INFO o.a.j.JMeter: java.vm.name=Java HotSpot(TM) 64-Bit Server VM
2026-05-22 16:15:34,610 INFO o.a.j.JMeter: os.name=Windows 11
2026-05-22 16:15:34,610 INFO o.a.j.JMeter: os.arch=amd64
2026-05-22 16:15:34,610 INFO o.a.j.JMeter: os.version=10.0
2026-05-22 16:15:34,610 INFO o.a.j.JMeter: file.encoding=UTF-8
2026-05-22 16:15:34,610 INFO o.a.j.JMeter: java.awt.headless=true
2026-05-22 16:15:34,610 INFO o.a.j.JMeter: Max memory     =1073741824
2026-05-22 16:15:34,611 INFO o.a.j.JMeter: Available Processors =22
2026-05-22 16:15:34,624 INFO o.a.j.JMeter: Default Locale=English (EN)
2026-05-22 16:15:34,625 INFO o.a.j.JMeter: JMeter  Locale=English (EN)
2026-05-22 16:15:34,625 INFO o.a.j.JMeter: JMeterHome=C:\Users\LENOVO\Downloads\apache-jmeter-5.6.3\apache-jmeter-5.6.3
2026-05-22 16:15:34,625 INFO o.a.j.JMeter: user.dir  =D:\Kuliah\Semester 4\Pemrograman Lanjut\Tugas Kelompok\MySawit\MySawit-PAYMENT\profiling
2026-05-22 16:15:34,626 INFO o.a.j.JMeter: PWD       =D:\Kuliah\Semester 4\Pemrograman Lanjut\Tugas Kelompok\MySawit\MySawit-PAYMENT\profiling
2026-05-22 16:15:34,628 INFO o.a.j.JMeter: IP: 172.20.10.4 Name: LAPTOP-IKD3MGQO FullName: LAPTOP-IKD3MGQO
2026-05-22 16:15:34,661 INFO o.a.j.JMeter: Setting property 'jmeter.reportgenerator.outputdir' to:'D:\Kuliah\Semester 4\Pemrograman Lanjut\Tugas Kelompok\MySawit\MySawit-PAYMENT\profiling\report-after'
2026-05-22 16:15:34,666 INFO o.a.j.s.FileServer: Default base='D:\Kuliah\Semester 4\Pemrograman Lanjut\Tugas Kelompok\MySawit\MySawit-PAYMENT\profiling'
2026-05-22 16:15:34,670 INFO o.a.j.s.FileServer: Set new base='D:\Kuliah\Semester 4\Pemrograman Lanjut\Tugas Kelompok\MySawit\MySawit-PAYMENT\profiling\.'
2026-05-22 16:15:34,887 INFO o.a.j.s.SaveService: Testplan (JMX) version: 2.2. Testlog (JTL) version: 2.2
2026-05-22 16:15:34,930 INFO o.a.j.s.SaveService: Using SaveService properties version 5.0
2026-05-22 16:15:34,930 INFO o.a.j.s.SaveService: Using SaveService properties file encoding UTF-8
2026-05-22 16:15:34,934 INFO o.a.j.s.SaveService: Loading file: .\payment-history-loadtest.jmx
2026-05-22 16:15:34,992 INFO o.a.j.p.h.s.HTTPSamplerBase: Parser for text/html is org.apache.jmeter.protocol.http.parser.LagartoBasedHtmlParser
2026-05-22 16:15:34,992 INFO o.a.j.p.h.s.HTTPSamplerBase: Parser for application/xhtml+xml is org.apache.jmeter.protocol.http.parser.LagartoBasedHtmlParser
2026-05-22 16:15:34,992 INFO o.a.j.p.h.s.HTTPSamplerBase: Parser for application/xml is org.apache.jmeter.protocol.http.parser.LagartoBasedHtmlParser
2026-05-22 16:15:34,992 INFO o.a.j.p.h.s.HTTPSamplerBase: Parser for text/xml is org.apache.jmeter.protocol.http.parser.LagartoBasedHtmlParser
2026-05-22 16:15:34,992 INFO o.a.j.p.h.s.HTTPSamplerBase: Parser for text/vnd.wap.wml is org.apache.jmeter.protocol.http.parser.RegexpHTMLParser
2026-05-22 16:15:34,992 INFO o.a.j.p.h.s.HTTPSamplerBase: Parser for text/css is org.apache.jmeter.protocol.http.parser.CssParser
2026-05-22 16:15:35,045 INFO o.a.j.JMeter: Creating summariser <summary>
2026-05-22 16:15:35,045 INFO o.a.j.r.d.ReportGenerator: ReportGenerator will use for Parsing the separator: ','
2026-05-22 16:15:35,045 INFO o.a.j.r.d.ReportGenerator: Will generate report at end of test from  results file: after.jtl
2026-05-22 16:15:35,045 INFO o.a.j.r.d.ReportGenerator: Reading report generator properties from: C:\Users\LENOVO\Downloads\apache-jmeter-5.6.3\apache-jmeter-5.6.3\bin\reportgenerator.properties
2026-05-22 16:15:35,050 INFO o.a.j.r.d.ReportGenerator: Merging with JMeter properties
2026-05-22 16:15:35,051 INFO o.a.j.r.c.ReportGeneratorConfiguration: Property 'jmeter.reportgenerator.temp_dir' not found, using default value 'temp' instead.
2026-05-22 16:15:35,055 INFO o.a.j.r.c.ReportGeneratorConfiguration: Property 'jmeter.reportgenerator.apdex_per_transaction' not found, using default value 'null' instead.
2026-05-22 16:15:35,055 INFO o.a.j.r.c.ReportGeneratorConfiguration: apdex_per_transaction is empty, not APDEX per transaction customization
2026-05-22 16:15:35,055 INFO o.a.j.r.c.ReportGeneratorConfiguration: Property 'jmeter.reportgenerator.sample_filter' not found, using default value 'null' instead.
2026-05-22 16:15:35,055 INFO o.a.j.r.c.ReportGeneratorConfiguration: Property 'jmeter.reportgenerator.report_title' not found, using default value 'null' instead.
2026-05-22 16:15:35,055 INFO o.a.j.r.c.ReportGeneratorConfiguration: Property 'jmeter.reportgenerator.start_date' not found, using default value 'null' instead.
2026-05-22 16:15:35,055 INFO o.a.j.r.c.ReportGeneratorConfiguration: Property 'jmeter.reportgenerator.end_date' not found, using default value 'null' instead.
2026-05-22 16:15:35,055 INFO o.a.j.r.c.ReportGeneratorConfiguration: Property 'jmeter.reportgenerator.date_format' not found, using default value 'null' instead.
2026-05-22 16:15:35,055 INFO o.a.j.r.c.ReportGeneratorConfiguration: Will use date range start date: null, end date: null
2026-05-22 16:15:35,061 INFO o.a.j.r.c.ReportGeneratorConfiguration: Property 'jmeter.reportgenerator.graph.totalTPS.exclude_controllers' not found, using default value 'false' instead.
2026-05-22 16:15:35,061 INFO o.a.j.r.c.ReportGeneratorConfiguration: Property 'jmeter.reportgenerator.graph.activeThreadsOverTime.exclude_controllers' not found, using default value 'false' instead.
2026-05-22 16:15:35,061 INFO o.a.j.r.c.ReportGeneratorConfiguration: Property 'jmeter.reportgenerator.graph.timeVsThreads.exclude_controllers' not found, using default value 'false' instead.
2026-05-22 16:15:35,061 INFO o.a.j.r.c.ReportGeneratorConfiguration: Property 'jmeter.reportgenerator.graph.responseTimeDistribution.exclude_controllers' not found, using default value 'false' instead.
2026-05-22 16:15:35,061 INFO o.a.j.r.c.ReportGeneratorConfiguration: Property 'jmeter.reportgenerator.graph.transactionsPerSecond.exclude_controllers' not found, using default value 'false' instead.
2026-05-22 16:15:35,061 INFO o.a.j.r.c.ReportGeneratorConfiguration: Property 'jmeter.reportgenerator.graph.responseTimePercentiles.exclude_controllers' not found, using default value 'false' instead.
2026-05-22 16:15:35,061 INFO o.a.j.r.c.ReportGeneratorConfiguration: Property 'jmeter.reportgenerator.graph.responseTimePercentilesOverTime.exclude_controllers' not found, using default value 'false' instead.
2026-05-22 16:15:35,061 INFO o.a.j.r.c.ReportGeneratorConfiguration: Property 'jmeter.reportgenerator.graph.responseTimesOverTime.exclude_controllers' not found, using default value 'false' instead.
2026-05-22 16:15:35,061 INFO o.a.j.r.c.ReportGeneratorConfiguration: Property 'jmeter.reportgenerator.graph.connectTimeOverTime.exclude_controllers' not found, using default value 'false' instead.
2026-05-22 16:15:35,065 INFO o.a.j.r.c.ReportGeneratorConfiguration: Property 'jmeter.reportgenerator.graph.latenciesOverTime.exclude_controllers' not found, using default value 'false' instead.
2026-05-22 16:15:35,065 INFO o.a.j.r.c.ReportGeneratorConfiguration: Property 'jmeter.reportgenerator.exporter.json.filters_only_sample_series' not found, using default value 'true' instead.
2026-05-22 16:15:35,065 INFO o.a.j.r.c.ReportGeneratorConfiguration: Property 'jmeter.reportgenerator.exporter.json.series_filter' not found, using default value '' instead.
2026-05-22 16:15:35,065 INFO o.a.j.r.c.ReportGeneratorConfiguration: Property 'jmeter.reportgenerator.exporter.json.show_controllers_only' not found, using default value 'false' instead.
2026-05-22 16:15:35,065 INFO o.a.j.r.c.ReportGeneratorConfiguration: Property 'jmeter.reportgenerator.exporter.html.filters_only_sample_series' not found, using default value 'true' instead.
2026-05-22 16:15:35,065 INFO o.a.j.r.c.ReportGeneratorConfiguration: Property 'jmeter.reportgenerator.exporter.html.series_filter' not found, using default value '' instead.
2026-05-22 16:15:35,065 INFO o.a.j.r.c.ReportGeneratorConfiguration: Property 'jmeter.reportgenerator.exporter.html.show_controllers_only' not found, using default value 'false' instead.
2026-05-22 16:15:35,088 INFO o.a.j.e.StandardJMeterEngine: Running the test!
2026-05-22 16:15:35,088 INFO o.a.j.s.SampleEvent: List of sample_variables: []
2026-05-22 16:15:35,088 INFO o.a.j.s.SampleEvent: List of sample_variables: []
2026-05-22 16:15:35,097 INFO o.a.j.e.u.CompoundVariable: Note: Function class names must contain the string: '.functions.'
2026-05-22 16:15:35,097 INFO o.a.j.e.u.CompoundVariable: Note: Function class names must not contain the string: '.gui.'
2026-05-22 16:15:35,206 INFO o.a.j.JMeter: Running test (1779441335196)
2026-05-22 16:15:35,229 INFO o.a.j.e.StandardJMeterEngine: Starting ThreadGroup: 1 : Controlled Production/Profiling Load
2026-05-22 16:15:35,229 INFO o.a.j.e.StandardJMeterEngine: Starting 10 threads for group Controlled Production/Profiling Load.
2026-05-22 16:15:35,229 INFO o.a.j.e.StandardJMeterEngine: Thread will continue on error
2026-05-22 16:15:35,229 INFO o.a.j.t.ThreadGroup: Starting thread group... number=1 threads=10 ramp-up=30 delayedStart=false
2026-05-22 16:15:35,258 INFO o.a.j.t.ThreadGroup: Started thread group number 1
2026-05-22 16:15:35,258 INFO o.a.j.e.StandardJMeterEngine: All thread groups have been started
2026-05-22 16:15:35,258 INFO o.a.j.t.JMeterThread: Thread started: Controlled Production/Profiling Load 1-1
2026-05-22 16:15:35,398 INFO o.a.j.p.h.s.HTTPHCAbstractImpl: Local host = LAPTOP-IKD3MGQO
2026-05-22 16:15:35,402 INFO o.a.j.p.h.s.HTTPHC4Impl: HTTP request retry count = 0
2026-05-22 16:15:35,407 INFO o.a.j.s.SampleResult: Note: Sample TimeStamps are START times
2026-05-22 16:15:35,407 INFO o.a.j.s.SampleResult: sampleresult.default.encoding is set to UTF-8
2026-05-22 16:15:35,407 INFO o.a.j.s.SampleResult: sampleresult.useNanoTime=true
2026-05-22 16:15:35,407 INFO o.a.j.s.SampleResult: sampleresult.nanoThreadSleep=5000
2026-05-22 16:15:38,251 INFO o.a.j.t.JMeterThread: Thread started: Controlled Production/Profiling Load 1-2
2026-05-22 16:15:41,255 INFO o.a.j.t.JMeterThread: Thread started: Controlled Production/Profiling Load 1-3
2026-05-22 16:15:44,257 INFO o.a.j.t.JMeterThread: Thread started: Controlled Production/Profiling Load 1-4
2026-05-22 16:15:47,259 INFO o.a.j.t.JMeterThread: Thread started: Controlled Production/Profiling Load 1-5
2026-05-22 16:15:50,243 INFO o.a.j.t.JMeterThread: Thread started: Controlled Production/Profiling Load 1-6
2026-05-22 16:15:53,244 INFO o.a.j.t.JMeterThread: Thread started: Controlled Production/Profiling Load 1-7
2026-05-22 16:15:56,245 INFO o.a.j.t.JMeterThread: Thread started: Controlled Production/Profiling Load 1-8
2026-05-22 16:15:59,252 INFO o.a.j.t.JMeterThread: Thread started: Controlled Production/Profiling Load 1-9
2026-05-22 16:16:00,091 INFO o.a.j.r.Summariser: summary +    669 in 00:00:25 =   26.9/s Avg:    60 Min:    16 Max:  1691 Err:     0 (0.00%) Active: 9 Started: 9 Finished: 0
2026-05-22 16:16:02,244 INFO o.a.j.t.JMeterThread: Thread started: Controlled Production/Profiling Load 1-10
2026-05-22 16:16:30,031 INFO o.a.j.r.Summariser: summary +   1799 in 00:00:30 =   60.1/s Avg:    55 Min:    16 Max:   707 Err:     0 (0.00%) Active: 10 Started: 10 Finished: 0
2026-05-22 16:16:30,033 INFO o.a.j.r.Summariser: summary =   2468 in 00:00:55 =   45.0/s Avg:    57 Min:    16 Max:  1691 Err:     0 (0.00%)
2026-05-22 16:17:00,011 INFO o.a.j.r.Summariser: summary +   2088 in 00:00:30 =   69.6/s Avg:    35 Min:    17 Max:   135 Err:     0 (0.00%) Active: 10 Started: 10 Finished: 0
2026-05-22 16:17:00,012 INFO o.a.j.r.Summariser: summary =   4556 in 00:01:25 =   53.7/s Avg:    47 Min:    16 Max:  1691 Err:     0 (0.00%)
2026-05-22 16:17:30,013 INFO o.a.j.r.Summariser: summary +   2053 in 00:00:30 =   68.4/s Avg:    37 Min:    18 Max:   138 Err:     0 (0.00%) Active: 10 Started: 10 Finished: 0
2026-05-22 16:17:30,021 INFO o.a.j.r.Summariser: summary =   6609 in 00:01:55 =   57.6/s Avg:    44 Min:    16 Max:  1691 Err:     0 (0.00%)
2026-05-22 16:18:00,030 INFO o.a.j.r.Summariser: summary +   2042 in 00:00:30 =   68.0/s Avg:    39 Min:    19 Max:    97 Err:     0 (0.00%) Active: 10 Started: 10 Finished: 0
2026-05-22 16:18:00,031 INFO o.a.j.r.Summariser: summary =   8651 in 00:02:25 =   59.7/s Avg:    43 Min:    16 Max:  1691 Err:     0 (0.00%)
2026-05-22 16:18:30,002 INFO o.a.j.r.Summariser: summary +   2036 in 00:00:30 =   67.9/s Avg:    39 Min:    19 Max:   116 Err:     0 (0.00%) Active: 10 Started: 10 Finished: 0
2026-05-22 16:18:30,004 INFO o.a.j.r.Summariser: summary =  10687 in 00:02:55 =   61.1/s Avg:    42 Min:    16 Max:  1691 Err:     0 (0.00%)
2026-05-22 16:18:35,149 INFO o.a.j.t.JMeterThread: Thread finished: Controlled Production/Profiling Load 1-3
2026-05-22 16:18:35,162 INFO o.a.j.t.JMeterThread: Thread finished: Controlled Production/Profiling Load 1-5
2026-05-22 16:18:35,167 INFO o.a.j.t.JMeterThread: Thread finished: Controlled Production/Profiling Load 1-10
2026-05-22 16:18:35,170 INFO o.a.j.t.JMeterThread: Thread finished: Controlled Production/Profiling Load 1-8
2026-05-22 16:18:35,182 INFO o.a.j.t.JMeterThread: Thread finished: Controlled Production/Profiling Load 1-9
2026-05-22 16:18:35,210 INFO o.a.j.t.JMeterThread: Thread finished: Controlled Production/Profiling Load 1-4
2026-05-22 16:18:35,223 INFO o.a.j.t.JMeterThread: Thread finished: Controlled Production/Profiling Load 1-1
2026-05-22 16:18:35,278 INFO o.a.j.t.JMeterThread: Stopping because end time detected by thread: Controlled Production/Profiling Load 1-2
2026-05-22 16:18:35,279 INFO o.a.j.t.JMeterThread: Thread finished: Controlled Production/Profiling Load 1-2
2026-05-22 16:18:35,296 INFO o.a.j.t.JMeterThread: Stopping because end time detected by thread: Controlled Production/Profiling Load 1-6
2026-05-22 16:18:35,297 INFO o.a.j.t.JMeterThread: Thread finished: Controlled Production/Profiling Load 1-6
2026-05-22 16:18:35,308 INFO o.a.j.t.JMeterThread: Stopping because end time detected by thread: Controlled Production/Profiling Load 1-7
2026-05-22 16:18:35,308 INFO o.a.j.t.JMeterThread: Thread finished: Controlled Production/Profiling Load 1-7
2026-05-22 16:18:35,309 INFO o.a.j.e.StandardJMeterEngine: Notifying test listeners of end of test
2026-05-22 16:18:35,312 INFO o.a.j.r.Summariser: summary +    349 in 00:00:05 =   65.7/s Avg:    43 Min:    21 Max:   149 Err:     0 (0.00%) Active: 0 Started: 10 Finished: 10
2026-05-22 16:18:35,313 INFO o.a.j.r.Summariser: summary =  11036 in 00:03:00 =   61.3/s Avg:    42 Min:    16 Max:  1691 Err:     0 (0.00%)
2026-05-22 16:18:35,315 INFO o.a.j.JMeter: Generating Dashboard
2026-05-22 16:18:35,315 INFO o.a.j.r.d.ReportGenerator: Flushing result collector before report Generation
2026-05-22 16:18:35,394 INFO o.a.j.r.p.NormalizerSampleConsumer: Using format, 'ms', to parse timeStamp field
2026-05-22 16:18:36,529 INFO o.a.j.r.p.AbstractSampleConsumer: class org.apache.jmeter.report.processor.AggregateConsumer#stopProducing(): beginDate produced 0 samples
2026-05-22 16:18:36,530 INFO o.a.j.r.p.AbstractSampleConsumer: class org.apache.jmeter.report.processor.AggregateConsumer#stopProducing(): endDate produced 0 samples
2026-05-22 16:18:36,556 INFO o.a.j.r.p.AbstractSampleConsumer: class org.apache.jmeter.report.processor.ApdexSummaryConsumer#stopProducing(): apdexSummary produced 0 samples
2026-05-22 16:18:36,557 INFO o.a.j.r.p.AbstractSampleConsumer: class org.apache.jmeter.report.processor.RequestsSummaryConsumer#stopProducing(): requestsSummary produced 0 samples
2026-05-22 16:18:36,583 INFO o.a.j.r.p.AbstractSampleConsumer: class org.apache.jmeter.report.processor.StatisticsSummaryConsumer#stopProducing(): statisticsSummary produced 0 samples
2026-05-22 16:18:36,589 INFO o.a.j.r.p.AbstractSampleConsumer: class org.apache.jmeter.report.processor.Top5ErrorsBySamplerConsumer#stopProducing(): top5ErrorsBySampler produced 0 samples
2026-05-22 16:18:36,590 INFO o.a.j.r.p.AbstractSampleConsumer: class org.apache.jmeter.report.processor.ErrorsSummaryConsumer#stopProducing(): errorsSummary produced 0 samples
2026-05-22 16:18:36,590 INFO o.a.j.r.p.AbstractSampleConsumer: class org.apache.jmeter.report.processor.graph.impl.HitsPerSecondGraphConsumer#stopProducing(): hitsPerSecond produced 0 samples
2026-05-22 16:18:36,830 INFO o.a.j.r.p.AbstractSampleConsumer: class org.apache.jmeter.report.processor.graph.impl.LatencyVSRequestGraphConsumer#stopProducing(): latencyVsRequest produced 0 samples
2026-05-22 16:18:36,833 INFO o.a.j.r.p.AbstractSampleConsumer: class org.apache.jmeter.report.processor.graph.impl.SyntheticResponseTimeDistributionGraphConsumer#stopProducing(): syntheticResponseTimeDistribution produced 0 samples
2026-05-22 16:18:36,834 INFO o.a.j.r.p.AbstractSampleConsumer: class org.apache.jmeter.report.processor.graph.impl.BytesThroughputGraphConsumer#stopProducing(): bytesThroughputOverTime produced 0 samples
2026-05-22 16:18:36,834 INFO o.a.j.r.p.AbstractSampleConsumer: class org.apache.jmeter.report.processor.graph.impl.CodesPerSecondGraphConsumer#stopProducing(): codesPerSecond produced 0 samples
2026-05-22 16:18:37,098 INFO o.a.j.r.p.AbstractSampleConsumer: class org.apache.jmeter.report.processor.graph.impl.ResponseTimeVSRequestGraphConsumer#stopProducing(): responseTimeVsRequest produced 0 samples
2026-05-22 16:18:37,100 INFO o.a.j.r.p.AbstractSampleConsumer: class org.apache.jmeter.report.processor.FilterConsumer#stopProducing(): startIntervalControlerFilter produced 77252 samples
2026-05-22 16:18:37,100 INFO o.a.j.r.p.AbstractSampleConsumer: class org.apache.jmeter.report.processor.graph.impl.TotalTPSGraphConsumer#stopProducing(): totalTPS produced 0 samples
2026-05-22 16:18:37,100 INFO o.a.j.r.p.AbstractSampleConsumer: class org.apache.jmeter.report.processor.graph.impl.ActiveThreadsGraphConsumer#stopProducing(): activeThreadsOverTime produced 0 samples
2026-05-22 16:18:37,100 INFO o.a.j.r.p.AbstractSampleConsumer: class org.apache.jmeter.report.processor.graph.impl.TimeVSThreadGraphConsumer#stopProducing(): timeVsThreads produced 0 samples
2026-05-22 16:18:37,101 INFO o.a.j.r.p.AbstractSampleConsumer: class org.apache.jmeter.report.processor.graph.impl.ResponseTimeDistributionGraphConsumer#stopProducing(): responseTimeDistribution produced 0 samples
2026-05-22 16:18:37,101 INFO o.a.j.r.p.AbstractSampleConsumer: class org.apache.jmeter.report.processor.graph.impl.TransactionsPerSecondGraphConsumer#stopProducing(): transactionsPerSecond produced 0 samples
2026-05-22 16:18:37,101 INFO o.a.j.r.p.AbstractSampleConsumer: class org.apache.jmeter.report.processor.graph.impl.ResponseTimePercentilesGraphConsumer#stopProducing(): responseTimePercentiles produced 0 samples
2026-05-22 16:18:37,107 INFO o.a.j.r.p.AbstractSampleConsumer: class org.apache.jmeter.report.processor.graph.impl.ResponseTimePercentilesOverTimeGraphConsumer#stopProducing(): responseTimePercentilesOverTime produced 0 samples
2026-05-22 16:18:37,108 INFO o.a.j.r.p.AbstractSampleConsumer: class org.apache.jmeter.report.processor.graph.impl.ResponseTimeOverTimeGraphConsumer#stopProducing(): responseTimesOverTime produced 0 samples
2026-05-22 16:18:37,108 INFO o.a.j.r.p.AbstractSampleConsumer: class org.apache.jmeter.report.processor.graph.impl.ConnectTimeOverTimeGraphConsumer#stopProducing(): connectTimeOverTime produced 0 samples
2026-05-22 16:18:37,109 INFO o.a.j.r.p.AbstractSampleConsumer: class org.apache.jmeter.report.processor.graph.impl.LatencyOverTimeGraphConsumer#stopProducing(): latenciesOverTime produced 0 samples
2026-05-22 16:18:37,109 INFO o.a.j.r.p.AbstractSampleConsumer: class org.apache.jmeter.report.processor.FilterConsumer#stopProducing(): nameFilter produced 165540 samples
2026-05-22 16:18:37,109 INFO o.a.j.r.p.AbstractSampleConsumer: class org.apache.jmeter.report.processor.FilterConsumer#stopProducing(): dateRangeFilter produced 33108 samples
2026-05-22 16:18:37,109 INFO o.a.j.r.p.AbstractSampleConsumer: class org.apache.jmeter.report.processor.NormalizerSampleConsumer#stopProducing(): normalizer produced 11036 samples
2026-05-22 16:18:37,109 INFO o.a.j.r.p.CsvFileSampleSource: produce(): 11036 samples produced in 1s 650 ms on channel 0
2026-05-22 16:18:37,110 INFO o.a.j.r.d.ReportGenerator: Exporting data using exporter:'json' of className:'org.apache.jmeter.report.dashboard.JsonExporter'
2026-05-22 16:18:37,283 INFO o.a.j.r.d.JsonExporter: Found data for consumer statisticsSummary in context
2026-05-22 16:18:37,283 INFO o.a.j.r.d.JsonExporter: Creating statistics for overall
2026-05-22 16:18:37,284 INFO o.a.j.r.d.JsonExporter: Creating statistics for other transactions
2026-05-22 16:18:37,285 INFO o.a.j.r.d.JsonExporter: Checking output folder
2026-05-22 16:18:37,285 INFO o.a.j.r.d.JsonExporter: Writing statistics JSON to D:\Kuliah\Semester 4\Pemrograman Lanjut\Tugas Kelompok\MySawit\MySawit-PAYMENT\profiling\report-after\statistics.json
2026-05-22 16:18:37,390 INFO o.a.j.r.d.ReportGenerator: Exporting data using exporter:'html' of className:'org.apache.jmeter.report.dashboard.HtmlTemplateExporter'
2026-05-22 16:18:37,395 INFO o.a.j.r.d.HtmlTemplateExporter: Will generate dashboard in folder: D:\Kuliah\Semester 4\Pemrograman Lanjut\Tugas Kelompok\MySawit\MySawit-PAYMENT\profiling\report-after
2026-05-22 16:18:37,731 INFO o.a.j.r.d.HtmlTemplateExporter: Report will be generated in: D:\Kuliah\Semester 4\Pemrograman Lanjut\Tugas Kelompok\MySawit\MySawit-PAYMENT\profiling\report-after, creating folder structure
2026-05-22 16:18:37,737 INFO o.a.j.r.d.TemplateVisitor: Copying folder from 'C:\Users\LENOVO\Downloads\apache-jmeter-5.6.3\apache-jmeter-5.6.3\bin\report-template' to 'D:\Kuliah\Semester 4\Pemrograman Lanjut\Tugas Kelompok\MySawit\MySawit-PAYMENT\profiling\report-after', got message: D:\Kuliah\Semester 4\Pemrograman Lanjut\Tugas Kelompok\MySawit\MySawit-PAYMENT\profiling\report-after, found non empty folder with following content [D:\Kuliah\Semester 4\Pemrograman Lanjut\Tugas Kelompok\MySawit\MySawit-PAYMENT\profiling\report-after\statistics.json], will be ignored
2026-05-22 16:18:38,289 INFO o.a.j.JMeter: Dashboard generated
